g++ -m32 -Wno-endif-labels  -DDEBUG -g -I/home/zhanggan/LocalDevSpaces/som++/src -DUT_DIRECT_TRACE_REGISTRATION -I/home/zhanggan/LocalDevSpaces/som++/src/glue -I../omr32/include_core -I../omr32/gc/include -I../omr32/gc/base -I../omr32/gc/verbose -I../omr32/gc/verbose/handler_standard -I../omr32/gc/stats -I../omr32/gc/structs -I../omr32/gc/base/standard -I../omr32/gc/startup -c /home/zhanggan/LocalDevSpaces/som++/src/memory/Heap.cpp -o /home/zhanggan/LocalDevSpaces/som++/src/memory/Heap.o
g++ -m32 -Wno-endif-labels  -DDEBUG -g -I/home/zhanggan/LocalDevSpaces/som++/src -DUT_DIRECT_TRACE_REGISTRATION -I/home/zhanggan/LocalDevSpaces/som++/src/glue -I../omr32/include_core -I../omr32/gc/include -I../omr32/gc/base -I../omr32/gc/verbose -I../omr32/gc/verbose/handler_standard -I../omr32/gc/stats -I../omr32/gc/structs -I../omr32/gc/base/standard -I../omr32/gc/startup -c /home/zhanggan/LocalDevSpaces/som++/src/vmobjects/VMArray.cpp -o /home/zhanggan/LocalDevSpaces/som++/src/vmobjects/VMArray.o
g++ -m32 -Wno-endif-labels  -DDEBUG -g -I/home/zhanggan/LocalDevSpaces/som++/src -DUT_DIRECT_TRACE_REGISTRATION -I/home/zhanggan/LocalDevSpaces/som++/src/glue -I../omr32/include_core -I../omr32/gc/include -I../omr32/gc/base -I../omr32/gc/verbose -I../omr32/gc/verbose/handler_standard -I../omr32/gc/stats -I../omr32/gc/structs -I../omr32/gc/base/standard -I../omr32/gc/startup -c /home/zhanggan/LocalDevSpaces/som++/src/vmobjects/VMMethod.cpp -o /home/zhanggan/LocalDevSpaces/som++/src/vmobjects/VMMethod.o
g++ -m32 -Wno-endif-labels  -DDEBUG -g -I/home/zhanggan/LocalDevSpaces/som++/src -DUT_DIRECT_TRACE_REGISTRATION -I/home/zhanggan/LocalDevSpaces/som++/src/glue -I../omr32/include_core -I../omr32/gc/include -I../omr32/gc/base -I../omr32/gc/verbose -I../omr32/gc/verbose/handler_standard -I../omr32/gc/stats -I../omr32/gc/structs -I../omr32/gc/base/standard -I../omr32/gc/startup -c /home/zhanggan/LocalDevSpaces/som++/src/vmobjects/VMPrimitive.cpp -o /home/zhanggan/LocalDevSpaces/som++/src/vmobjects/VMPrimitive.o
g++ -m32 -Wno-endif-labels  -DDEBUG -g -I/home/zhanggan/LocalDevSpaces/som++/src -DUT_DIRECT_TRACE_REGISTRATION -I/home/zhanggan/LocalDevSpaces/som++/src/glue -I../omr32/include_core -I../omr32/gc/include -I../omr32/gc/base -I../omr32/gc/verbose -I../omr32/gc/verbose/handler_standard -I../omr32/gc/stats -I../omr32/gc/structs -I../omr32/gc/base/standard -I../omr32/gc/startup -c /home/zhanggan/LocalDevSpaces/som++/src/vmobjects/Symboltable.cpp -o /home/zhanggan/LocalDevSpaces/som++/src/vmobjects/Symboltable.o
g++ -m32 -Wno-endif-labels  -DDEBUG -g -I/home/zhanggan/LocalDevSpaces/som++/src -DUT_DIRECT_TRACE_REGISTRATION -I/home/zhanggan/LocalDevSpaces/som++/src/glue -I../omr32/include_core -I../omr32/gc/include -I../omr32/gc/base -I../omr32/gc/verbose -I../omr32/gc/verbose/handler_standard -I../omr32/gc/stats -I../omr32/gc/structs -I../omr32/gc/base/standard -I../omr32/gc/startup -c /home/zhanggan/LocalDevSpaces/som++/src/vmobjects/VMBlock.cpp -o /home/zhanggan/LocalDevSpaces/som++/src/vmobjects/VMBlock.o
g++ -m32 -Wno-endif-labels  -DDEBUG -g -I/home/zhanggan/LocalDevSpaces/som++/src -DUT_DIRECT_TRACE_REGISTRATION -I/home/zhanggan/LocalDevSpaces/som++/src/glue -I../omr32/include_core -I../omr32/gc/include -I../omr32/gc/base -I../omr32/gc/verbose -I../omr32/gc/verbose/handler_standard -I../omr32/gc/stats -I../omr32/gc/structs -I../omr32/gc/base/standard -I../omr32/gc/startup -c /home/zhanggan/LocalDevSpaces/som++/src/vmobjects/VMClass.cpp -o /home/zhanggan/LocalDevSpaces/som++/src/vmobjects/VMClass.o
g++ -m32 -Wno-endif-labels  -DDEBUG -g -I/home/zhanggan/LocalDevSpaces/som++/src -DUT_DIRECT_TRACE_REGISTRATION -I/home/zhanggan/LocalDevSpaces/som++/src/glue -I../omr32/include_core -I../omr32/gc/include -I../omr32/gc/base -I../omr32/gc/verbose -I../omr32/gc/verbose/handler_standard -I../omr32/gc/stats -I../omr32/gc/structs -I../omr32/gc/base/standard -I../omr32/gc/startup -c /home/zhanggan/LocalDevSpaces/som++/src/vmobjects/VMSymbol.cpp -o /home/zhanggan/LocalDevSpaces/som++/src/vmobjects/VMSymbol.o
g++ -m32 -Wno-endif-labels  -DDEBUG -g -I/home/zhanggan/LocalDevSpaces/som++/src -DUT_DIRECT_TRACE_REGISTRATION -I/home/zhanggan/LocalDevSpaces/som++/src/glue -I../omr32/include_core -I../omr32/gc/include -I../omr32/gc/base -I../omr32/gc/verbose -I../omr32/gc/verbose/handler_standard -I../omr32/gc/stats -I../omr32/gc/structs -I../omr32/gc/base/standard -I../omr32/gc/startup -c /home/zhanggan/LocalDevSpaces/som++/src/vmobjects/VMFreeObject.cpp -o /home/zhanggan/LocalDevSpaces/som++/src/vmobjects/VMFreeObject.o
g++ -m32 -Wno-endif-labels  -DDEBUG -g -I/home/zhanggan/LocalDevSpaces/som++/src -DUT_DIRECT_TRACE_REGISTRATION -I/home/zhanggan/LocalDevSpaces/som++/src/glue -I../omr32/include_core -I../omr32/gc/include -I../omr32/gc/base -I../omr32/gc/verbose -I../omr32/gc/verbose/handler_standard -I../omr32/gc/stats -I../omr32/gc/structs -I../omr32/gc/base/standard -I../omr32/gc/startup -c /home/zhanggan/LocalDevSpaces/som++/src/vmobjects/VMBigInteger.cpp -o /home/zhanggan/LocalDevSpaces/som++/src/vmobjects/VMBigInteger.o
g++ -m32 -Wno-endif-labels  -DDEBUG -g -I/home/zhanggan/LocalDevSpaces/som++/src -DUT_DIRECT_TRACE_REGISTRATION -I/home/zhanggan/LocalDevSpaces/som++/src/glue -I../omr32/include_core -I../omr32/gc/include -I../omr32/gc/base -I../omr32/gc/verbose -I../omr32/gc/verbose/handler_standard -I../omr32/gc/stats -I../omr32/gc/structs -I../omr32/gc/base/standard -I../omr32/gc/startup -c /home/zhanggan/LocalDevSpaces/som++/src/vmobjects/VMEvaluationPrimitive.cpp -o /home/zhanggan/LocalDevSpaces/som++/src/vmobjects/VMEvaluationPrimitive.o
g++ -m32 -Wno-endif-labels  -DDEBUG -g -I/home/zhanggan/LocalDevSpaces/som++/src -DUT_DIRECT_TRACE_REGISTRATION -I/home/zhanggan/LocalDevSpaces/som++/src/glue -I../omr32/include_core -I../omr32/gc/include -I../omr32/gc/base -I../omr32/gc/verbose -I../omr32/gc/verbose/handler_standard -I../omr32/gc/stats -I../omr32/gc/structs -I../omr32/gc/base/standard -I../omr32/gc/startup -c /home/zhanggan/LocalDevSpaces/som++/src/vmobjects/Signature.cpp -o /home/zhanggan/LocalDevSpaces/som++/src/vmobjects/Signature.o
g++ -m32 -Wno-endif-labels  -DDEBUG -g -I/home/zhanggan/LocalDevSpaces/som++/src -DUT_DIRECT_TRACE_REGISTRATION -I/home/zhanggan/LocalDevSpaces/som++/src/glue -I../omr32/include_core -I../omr32/gc/include -I../omr32/gc/base -I../omr32/gc/verbose -I../omr32/gc/verbose/handler_standard -I../omr32/gc/stats -I../omr32/gc/structs -I../omr32/gc/base/standard -I../omr32/gc/startup -c /home/zhanggan/LocalDevSpaces/som++/src/vmobjects/VMObject.cpp -o /home/zhanggan/LocalDevSpaces/som++/src/vmobjects/VMObject.o
g++ -m32 -Wno-endif-labels  -DDEBUG -g -I/home/zhanggan/LocalDevSpaces/som++/src -DUT_DIRECT_TRACE_REGISTRATION -I/home/zhanggan/LocalDevSpaces/som++/src/glue -I../omr32/include_core -I../omr32/gc/include -I../omr32/gc/base -I../omr32/gc/verbose -I../omr32/gc/verbose/handler_standard -I../omr32/gc/stats -I../omr32/gc/structs -I../omr32/gc/base/standard -I../omr32/gc/startup -c /home/zhanggan/LocalDevSpaces/som++/src/vmobjects/VMString.cpp -o /home/zhanggan/LocalDevSpaces/som++/src/vmobjects/VMString.o
g++ -m32 -Wno-endif-labels  -DDEBUG -g -I/home/zhanggan/LocalDevSpaces/som++/src -DUT_DIRECT_TRACE_REGISTRATION -I/home/zhanggan/LocalDevSpaces/som++/src/glue -I../omr32/include_core -I../omr32/gc/include -I../omr32/gc/base -I../omr32/gc/verbose -I../omr32/gc/verbose/handler_standard -I../omr32/gc/stats -I../omr32/gc/structs -I../omr32/gc/base/standard -I../omr32/gc/startup -c /home/zhanggan/LocalDevSpaces/som++/src/vmobjects/VMFrame.cpp -o /home/zhanggan/LocalDevSpaces/som++/src/vmobjects/VMFrame.o
g++ -m32 -Wno-endif-labels  -DDEBUG -g -I/home/zhanggan/LocalDevSpaces/som++/src -DUT_DIRECT_TRACE_REGISTRATION -I/home/zhanggan/LocalDevSpaces/som++/src/glue -I../omr32/include_core -I../omr32/gc/include -I../omr32/gc/base -I../omr32/gc/verbose -I../omr32/gc/verbose/handler_standard -I../omr32/gc/stats -I../omr32/gc/structs -I../omr32/gc/base/standard -I../omr32/gc/startup -c /home/zhanggan/LocalDevSpaces/som++/src/vmobjects/VMDouble.cpp -o /home/zhanggan/LocalDevSpaces/som++/src/vmobjects/VMDouble.o
g++ -m32 -Wno-endif-labels  -DDEBUG -g -I/home/zhanggan/LocalDevSpaces/som++/src -DUT_DIRECT_TRACE_REGISTRATION -I/home/zhanggan/LocalDevSpaces/som++/src/glue -I../omr32/include_core -I../omr32/gc/include -I../omr32/gc/base -I../omr32/gc/verbose -I../omr32/gc/verbose/handler_standard -I../omr32/gc/stats -I../omr32/gc/structs -I../omr32/gc/base/standard -I../omr32/gc/startup -c /home/zhanggan/LocalDevSpaces/som++/src/vmobjects/VMInvokable.cpp -o /home/zhanggan/LocalDevSpaces/som++/src/vmobjects/VMInvokable.o
g++ -m32 -Wno-endif-labels  -DDEBUG -g -I/home/zhanggan/LocalDevSpaces/som++/src -DUT_DIRECT_TRACE_REGISTRATION -I/home/zhanggan/LocalDevSpaces/som++/src/glue -I../omr32/include_core -I../omr32/gc/include -I../omr32/gc/base -I../omr32/gc/verbose -I../omr32/gc/verbose/handler_standard -I../omr32/gc/stats -I../omr32/gc/structs -I../omr32/gc/base/standard -I../omr32/gc/startup -c /home/zhanggan/LocalDevSpaces/som++/src/vmobjects/VMInteger.cpp -o /home/zhanggan/LocalDevSpaces/som++/src/vmobjects/VMInteger.o
g++ -m32 -Wno-endif-labels  -DDEBUG -g -I/home/zhanggan/LocalDevSpaces/som++/src -DUT_DIRECT_TRACE_REGISTRATION -I/home/zhanggan/LocalDevSpaces/som++/src/glue -I../omr32/include_core -I../omr32/gc/include -I../omr32/gc/base -I../omr32/gc/verbose -I../omr32/gc/verbose/handler_standard -I../omr32/gc/stats -I../omr32/gc/structs -I../omr32/gc/base/standard -I../omr32/gc/startup -c /home/zhanggan/LocalDevSpaces/som++/src/compiler/Parser.cpp -o /home/zhanggan/LocalDevSpaces/som++/src/compiler/Parser.o
g++ -m32 -Wno-endif-labels  -DDEBUG -g -I/home/zhanggan/LocalDevSpaces/som++/src -DUT_DIRECT_TRACE_REGISTRATION -I/home/zhanggan/LocalDevSpaces/som++/src/glue -I../omr32/include_core -I../omr32/gc/include -I../omr32/gc/base -I../omr32/gc/verbose -I../omr32/gc/verbose/handler_standard -I../omr32/gc/stats -I../omr32/gc/structs -I../omr32/gc/base/standard -I../omr32/gc/startup -c /home/zhanggan/LocalDevSpaces/som++/src/compiler/Lexer.cpp -o /home/zhanggan/LocalDevSpaces/som++/src/compiler/Lexer.o
g++ -m32 -Wno-endif-labels  -DDEBUG -g -I/home/zhanggan/LocalDevSpaces/som++/src -DUT_DIRECT_TRACE_REGISTRATION -I/home/zhanggan/LocalDevSpaces/som++/src/glue -I../omr32/include_core -I../omr32/gc/include -I../omr32/gc/base -I../omr32/gc/verbose -I../omr32/gc/verbose/handler_standard -I../omr32/gc/stats -I../omr32/gc/structs -I../omr32/gc/base/standard -I../omr32/gc/startup -c /home/zhanggan/LocalDevSpaces/som++/src/compiler/BytecodeGenerator.cpp -o /home/zhanggan/LocalDevSpaces/som++/src/compiler/BytecodeGenerator.o
g++ -m32 -Wno-endif-labels  -DDEBUG -g -I/home/zhanggan/LocalDevSpaces/som++/src -DUT_DIRECT_TRACE_REGISTRATION -I/home/zhanggan/LocalDevSpaces/som++/src/glue -I../omr32/include_core -I../omr32/gc/include -I../omr32/gc/base -I../omr32/gc/verbose -I../omr32/gc/verbose/handler_standard -I../omr32/gc/stats -I../omr32/gc/structs -I../omr32/gc/base/standard -I../omr32/gc/startup -c /home/zhanggan/LocalDevSpaces/som++/src/compiler/Disassembler.cpp -o /home/zhanggan/LocalDevSpaces/som++/src/compiler/Disassembler.o
g++ -m32 -Wno-endif-labels  -DDEBUG -g -I/home/zhanggan/LocalDevSpaces/som++/src -DUT_DIRECT_TRACE_REGISTRATION -I/home/zhanggan/LocalDevSpaces/som++/src/glue -I../omr32/include_core -I../omr32/gc/include -I../omr32/gc/base -I../omr32/gc/verbose -I../omr32/gc/verbose/handler_standard -I../omr32/gc/stats -I../omr32/gc/structs -I../omr32/gc/base/standard -I../omr32/gc/startup -c /home/zhanggan/LocalDevSpaces/som++/src/compiler/ClassGenerationContext.cpp -o /home/zhanggan/LocalDevSpaces/som++/src/compiler/ClassGenerationContext.o
g++ -m32 -Wno-endif-labels  -DDEBUG -g -I/home/zhanggan/LocalDevSpaces/som++/src -DUT_DIRECT_TRACE_REGISTRATION -I/home/zhanggan/LocalDevSpaces/som++/src/glue -I../omr32/include_core -I../omr32/gc/include -I../omr32/gc/base -I../omr32/gc/verbose -I../omr32/gc/verbose/handler_standard -I../omr32/gc/stats -I../omr32/gc/structs -I../omr32/gc/base/standard -I../omr32/gc/startup -c /home/zhanggan/LocalDevSpaces/som++/src/compiler/SourcecodeCompiler.cpp -o /home/zhanggan/LocalDevSpaces/som++/src/compiler/SourcecodeCompiler.o
g++ -m32 -Wno-endif-labels  -DDEBUG -g -I/home/zhanggan/LocalDevSpaces/som++/src -DUT_DIRECT_TRACE_REGISTRATION -I/home/zhanggan/LocalDevSpaces/som++/src/glue -I../omr32/include_core -I../omr32/gc/include -I../omr32/gc/base -I../omr32/gc/verbose -I../omr32/gc/verbose/handler_standard -I../omr32/gc/stats -I../omr32/gc/structs -I../omr32/gc/base/standard -I../omr32/gc/startup -c /home/zhanggan/LocalDevSpaces/som++/src/compiler/MethodGenerationContext.cpp -o /home/zhanggan/LocalDevSpaces/som++/src/compiler/MethodGenerationContext.o
g++ -m32 -Wno-endif-labels  -DDEBUG -g -I/home/zhanggan/LocalDevSpaces/som++/src -DUT_DIRECT_TRACE_REGISTRATION -I/home/zhanggan/LocalDevSpaces/som++/src/glue -I../omr32/include_core -I../omr32/gc/include -I../omr32/gc/base -I../omr32/gc/verbose -I../omr32/gc/verbose/handler_standard -I../omr32/gc/stats -I../omr32/gc/structs -I../omr32/gc/base/standard -I../omr32/gc/startup -c /home/zhanggan/LocalDevSpaces/som++/src/interpreter/Interpreter.cpp -o /home/zhanggan/LocalDevSpaces/som++/src/interpreter/Interpreter.o
g++ -m32 -Wno-endif-labels  -DDEBUG -g -I/home/zhanggan/LocalDevSpaces/som++/src -DUT_DIRECT_TRACE_REGISTRATION -I/home/zhanggan/LocalDevSpaces/som++/src/glue -I../omr32/include_core -I../omr32/gc/include -I../omr32/gc/base -I../omr32/gc/verbose -I../omr32/gc/verbose/handler_standard -I../omr32/gc/stats -I../omr32/gc/structs -I../omr32/gc/base/standard -I../omr32/gc/startup -c /home/zhanggan/LocalDevSpaces/som++/src/interpreter/bytecodes.cpp -o /home/zhanggan/LocalDevSpaces/som++/src/interpreter/bytecodes.o
g++ -m32 -Wno-endif-labels  -DDEBUG -g -I/home/zhanggan/LocalDevSpaces/som++/src -DUT_DIRECT_TRACE_REGISTRATION -I/home/zhanggan/LocalDevSpaces/som++/src/glue -I../omr32/include_core -I../omr32/gc/include -I../omr32/gc/base -I../omr32/gc/verbose -I../omr32/gc/verbose/handler_standard -I../omr32/gc/stats -I../omr32/gc/structs -I../omr32/gc/base/standard -I../omr32/gc/startup -c /home/zhanggan/LocalDevSpaces/som++/src/vm/Universe.cpp -o /home/zhanggan/LocalDevSpaces/som++/src/vm/Universe.o
g++ -m32 -Wno-endif-labels  -DDEBUG -g -I/home/zhanggan/LocalDevSpaces/som++/src -DUT_DIRECT_TRACE_REGISTRATION -I/home/zhanggan/LocalDevSpaces/som++/src/glue -I../omr32/include_core -I../omr32/gc/include -I../omr32/gc/base -I../omr32/gc/verbose -I../omr32/gc/verbose/handler_standard -I../omr32/gc/stats -I../omr32/gc/structs -I../omr32/gc/base/standard -I../omr32/gc/startup -c /home/zhanggan/LocalDevSpaces/som++/src/vm/Shell.cpp -o /home/zhanggan/LocalDevSpaces/som++/src/vm/Shell.o
g++ -m32 -Wno-endif-labels  -DDEBUG -g -I/home/zhanggan/LocalDevSpaces/som++/src -DUT_DIRECT_TRACE_REGISTRATION -I/home/zhanggan/LocalDevSpaces/som++/src/glue -I../omr32/include_core -I../omr32/gc/include -I../omr32/gc/base -I../omr32/gc/verbose -I../omr32/gc/verbose/handler_standard -I../omr32/gc/stats -I../omr32/gc/structs -I../omr32/gc/base/standard -I../omr32/gc/startup -c /home/zhanggan/LocalDevSpaces/som++/src/glue/VerboseManagerImpl.cpp -o /home/zhanggan/LocalDevSpaces/som++/src/glue/VerboseManagerImpl.o
g++ -m32 -Wno-endif-labels  -DDEBUG -g -I/home/zhanggan/LocalDevSpaces/som++/src -DUT_DIRECT_TRACE_REGISTRATION -I/home/zhanggan/LocalDevSpaces/som++/src/glue -I../omr32/include_core -I../omr32/gc/include -I../omr32/gc/base -I../omr32/gc/verbose -I../omr32/gc/verbose/handler_standard -I../omr32/gc/stats -I../omr32/gc/structs -I../omr32/gc/base/standard -I../omr32/gc/startup -c /home/zhanggan/LocalDevSpaces/som++/src/glue/ObjectModel.cpp -o /home/zhanggan/LocalDevSpaces/som++/src/glue/ObjectModel.o
g++ -m32 -Wno-endif-labels  -DDEBUG -g -I/home/zhanggan/LocalDevSpaces/som++/src -DUT_DIRECT_TRACE_REGISTRATION -I/home/zhanggan/LocalDevSpaces/som++/src/glue -I../omr32/include_core -I../omr32/gc/include -I../omr32/gc/base -I../omr32/gc/verbose -I../omr32/gc/verbose/handler_standard -I../omr32/gc/stats -I../omr32/gc/structs -I../omr32/gc/base/standard -I../omr32/gc/startup -c /home/zhanggan/LocalDevSpaces/som++/src/glue/ObjectIterator.cpp -o /home/zhanggan/LocalDevSpaces/som++/src/glue/ObjectIterator.o
g++ -m32 -Wno-endif-labels  -DDEBUG -g -I/home/zhanggan/LocalDevSpaces/som++/src -DUT_DIRECT_TRACE_REGISTRATION -I/home/zhanggan/LocalDevSpaces/som++/src/glue -I../omr32/include_core -I../omr32/gc/include -I../omr32/gc/base -I../omr32/gc/verbose -I../omr32/gc/verbose/handler_standard -I../omr32/gc/stats -I../omr32/gc/structs -I../omr32/gc/base/standard -I../omr32/gc/startup -c /home/zhanggan/LocalDevSpaces/som++/src/glue/FrequentObjectsStats.cpp -o /home/zhanggan/LocalDevSpaces/som++/src/glue/FrequentObjectsStats.o
g++ -m32 -Wno-endif-labels  -DDEBUG -g -I/home/zhanggan/LocalDevSpaces/som++/src -DUT_DIRECT_TRACE_REGISTRATION -I/home/zhanggan/LocalDevSpaces/som++/src/glue -I../omr32/include_core -I../omr32/gc/include -I../omr32/gc/base -I../omr32/gc/verbose -I../omr32/gc/verbose/handler_standard -I../omr32/gc/stats -I../omr32/gc/structs -I../omr32/gc/base/standard -I../omr32/gc/startup -c /home/zhanggan/LocalDevSpaces/som++/src/glue/omrExampleVM.cpp -o /home/zhanggan/LocalDevSpaces/som++/src/glue/omrExampleVM.o
g++ -m32 -Wno-endif-labels  -DDEBUG -g -I/home/zhanggan/LocalDevSpaces/som++/src -DUT_DIRECT_TRACE_REGISTRATION -I/home/zhanggan/LocalDevSpaces/som++/src/glue -I../omr32/include_core -I../omr32/gc/include -I../omr32/gc/base -I../omr32/gc/verbose -I../omr32/gc/verbose/handler_standard -I../omr32/gc/stats -I../omr32/gc/structs -I../omr32/gc/base/standard -I../omr32/gc/startup -c /home/zhanggan/LocalDevSpaces/som++/src/glue/EnvironmentLanguageInterfaceImpl.cpp -o /home/zhanggan/LocalDevSpaces/som++/src/glue/EnvironmentLanguageInterfaceImpl.o
g++ -m32 -Wno-endif-labels  -DDEBUG -g -I/home/zhanggan/LocalDevSpaces/som++/src -DUT_DIRECT_TRACE_REGISTRATION -I/home/zhanggan/LocalDevSpaces/som++/src/glue -I../omr32/include_core -I../omr32/gc/include -I../omr32/gc/base -I../omr32/gc/verbose -I../omr32/gc/verbose/handler_standard -I../omr32/gc/stats -I../omr32/gc/structs -I../omr32/gc/base/standard -I../omr32/gc/startup -c /home/zhanggan/LocalDevSpaces/som++/src/glue/StartupManagerImpl.cpp -o /home/zhanggan/LocalDevSpaces/som++/src/glue/StartupManagerImpl.o
g++ -m32 -Wno-endif-labels  -DDEBUG -g -I/home/zhanggan/LocalDevSpaces/som++/src -DUT_DIRECT_TRACE_REGISTRATION -I/home/zhanggan/LocalDevSpaces/som++/src/glue -I../omr32/include_core -I../omr32/gc/include -I../omr32/gc/base -I../omr32/gc/verbose -I../omr32/gc/verbose/handler_standard -I../omr32/gc/stats -I../omr32/gc/structs -I../omr32/gc/base/standard -I../omr32/gc/startup -c /home/zhanggan/LocalDevSpaces/som++/src/glue/ConfigurationLanguageInterfaceImpl.cpp -o /home/zhanggan/LocalDevSpaces/som++/src/glue/ConfigurationLanguageInterfaceImpl.o
g++ -m32 -Wno-endif-labels  -DDEBUG -g -I/home/zhanggan/LocalDevSpaces/som++/src -DUT_DIRECT_TRACE_REGISTRATION -I/home/zhanggan/LocalDevSpaces/som++/src/glue -I../omr32/include_core -I../omr32/gc/include -I../omr32/gc/base -I../omr32/gc/verbose -I../omr32/gc/verbose/handler_standard -I../omr32/gc/stats -I../omr32/gc/structs -I../omr32/gc/base/standard -I../omr32/gc/startup -c /home/zhanggan/LocalDevSpaces/som++/src/glue/CollectorLanguageInterfaceImpl.cpp -o /home/zhanggan/LocalDevSpaces/som++/src/glue/CollectorLanguageInterfaceImpl.o
g++ -m32 -Wno-endif-labels  -DDEBUG -g -I/home/zhanggan/LocalDevSpaces/som++/src -DUT_DIRECT_TRACE_REGISTRATION -I/home/zhanggan/LocalDevSpaces/som++/src/glue -I../omr32/include_core -I../omr32/gc/include -I../omr32/gc/base -I../omr32/gc/verbose -I../omr32/gc/verbose/handler_standard -I../omr32/gc/stats -I../omr32/gc/structs -I../omr32/gc/base/standard -I../omr32/gc/startup -c /home/zhanggan/LocalDevSpaces/som++/src/glue/CompactSchemeFixupObject.cpp -o /home/zhanggan/LocalDevSpaces/som++/src/glue/CompactSchemeFixupObject.o
g++ -m32 -Wno-endif-labels  -DDEBUG -g -I/home/zhanggan/LocalDevSpaces/som++/src -DUT_DIRECT_TRACE_REGISTRATION -I/home/zhanggan/LocalDevSpaces/som++/src/glue -I../omr32/include_core -I../omr32/gc/include -I../omr32/gc/base -I../omr32/gc/verbose -I../omr32/gc/verbose/handler_standard -I../omr32/gc/stats -I../omr32/gc/structs -I../omr32/gc/base/standard -I../omr32/gc/startup   -c -o /home/zhanggan/LocalDevSpaces/som++/src/glue/LanguageVMGlue.o /home/zhanggan/LocalDevSpaces/som++/src/glue/LanguageVMGlue.c
g++ -m32 -Wno-endif-labels  -DDEBUG -g -I/home/zhanggan/LocalDevSpaces/som++/src -DUT_DIRECT_TRACE_REGISTRATION -I/home/zhanggan/LocalDevSpaces/som++/src/glue -I../omr32/include_core -I../omr32/gc/include -I../omr32/gc/base -I../omr32/gc/verbose -I../omr32/gc/verbose/handler_standard -I../omr32/gc/stats -I../omr32/gc/structs -I../omr32/gc/base/standard -I../omr32/gc/startup   -c -o /home/zhanggan/LocalDevSpaces/som++/src/glue/Profiling.o /home/zhanggan/LocalDevSpaces/som++/src/glue/Profiling.c
g++ -m32 -Wno-endif-labels  -DDEBUG -g -I/home/zhanggan/LocalDevSpaces/som++/src -DUT_DIRECT_TRACE_REGISTRATION -I/home/zhanggan/LocalDevSpaces/som++/src/glue -I../omr32/include_core -I../omr32/gc/include -I../omr32/gc/base -I../omr32/gc/verbose -I../omr32/gc/verbose/handler_standard -I../omr32/gc/stats -I../omr32/gc/structs -I../omr32/gc/base/standard -I../omr32/gc/startup   -c -o /home/zhanggan/LocalDevSpaces/som++/src/glue/UtilGlue.o /home/zhanggan/LocalDevSpaces/som++/src/glue/UtilGlue.c
Linking SOM++ Dynamic Library
g++ -m32 -L/home/zhanggan/LocalDevSpaces/som++ -shared \
	-o SOM++.so /home/zhanggan/LocalDevSpaces/som++/src/memory/Heap.o  /home/zhanggan/LocalDevSpaces/som++/src/vmobjects/VMArray.o /home/zhanggan/LocalDevSpaces/som++/src/vmobjects/VMMethod.o /home/zhanggan/LocalDevSpaces/som++/src/vmobjects/VMPrimitive.o /home/zhanggan/LocalDevSpaces/som++/src/vmobjects/Symboltable.o /home/zhanggan/LocalDevSpaces/som++/src/vmobjects/VMBlock.o /home/zhanggan/LocalDevSpaces/som++/src/vmobjects/VMClass.o /home/zhanggan/LocalDevSpaces/som++/src/vmobjects/VMSymbol.o /home/zhanggan/LocalDevSpaces/som++/src/vmobjects/VMFreeObject.o /home/zhanggan/LocalDevSpaces/som++/src/vmobjects/VMBigInteger.o /home/zhanggan/LocalDevSpaces/som++/src/vmobjects/VMEvaluationPrimitive.o /home/zhanggan/LocalDevSpaces/som++/src/vmobjects/Signature.o /home/zhanggan/LocalDevSpaces/som++/src/vmobjects/VMObject.o /home/zhanggan/LocalDevSpaces/som++/src/vmobjects/VMString.o /home/zhanggan/LocalDevSpaces/som++/src/vmobjects/VMFrame.o /home/zhanggan/LocalDevSpaces/som++/src/vmobjects/VMDouble.o /home/zhanggan/LocalDevSpaces/som++/src/vmobjects/VMInvokable.o /home/zhanggan/LocalDevSpaces/som++/src/vmobjects/VMInteger.o /home/zhanggan/LocalDevSpaces/som++/src/compiler/Parser.o /home/zhanggan/LocalDevSpaces/som++/src/compiler/Lexer.o /home/zhanggan/LocalDevSpaces/som++/src/compiler/BytecodeGenerator.o /home/zhanggan/LocalDevSpaces/som++/src/compiler/Disassembler.o /home/zhanggan/LocalDevSpaces/som++/src/compiler/ClassGenerationContext.o /home/zhanggan/LocalDevSpaces/som++/src/compiler/SourcecodeCompiler.o /home/zhanggan/LocalDevSpaces/som++/src/compiler/MethodGenerationContext.o /home/zhanggan/LocalDevSpaces/som++/src/interpreter/Interpreter.o /home/zhanggan/LocalDevSpaces/som++/src/interpreter/bytecodes.o /home/zhanggan/LocalDevSpaces/som++/src/vm/Universe.o /home/zhanggan/LocalDevSpaces/som++/src/vm/Shell.o /home/zhanggan/LocalDevSpaces/som++/src/glue/VerboseManagerImpl.o /home/zhanggan/LocalDevSpaces/som++/src/glue/ObjectModel.o /home/zhanggan/LocalDevSpaces/som++/src/glue/ObjectIterator.o /home/zhanggan/LocalDevSpaces/som++/src/glue/FrequentObjectsStats.o /home/zhanggan/LocalDevSpaces/som++/src/glue/omrExampleVM.o /home/zhanggan/LocalDevSpaces/som++/src/glue/EnvironmentLanguageInterfaceImpl.o /home/zhanggan/LocalDevSpaces/som++/src/glue/StartupManagerImpl.o /home/zhanggan/LocalDevSpaces/som++/src/glue/ConfigurationLanguageInterfaceImpl.o /home/zhanggan/LocalDevSpaces/som++/src/glue/CollectorLanguageInterfaceImpl.o /home/zhanggan/LocalDevSpaces/som++/src/glue/CompactSchemeFixupObject.o /home/zhanggan/LocalDevSpaces/som++/src/glue/LanguageVMGlue.o /home/zhanggan/LocalDevSpaces/som++/src/glue/Profiling.o /home/zhanggan/LocalDevSpaces/som++/src/glue/UtilGlue.o 
CSOM done.
g++ -m32 -Wno-endif-labels  -DDEBUG -g -I/home/zhanggan/LocalDevSpaces/som++/src -DUT_DIRECT_TRACE_REGISTRATION -I/home/zhanggan/LocalDevSpaces/som++/src/glue -I../omr32/include_core -I../omr32/gc/include -I../omr32/gc/base -I../omr32/gc/verbose -I../omr32/gc/verbose/handler_standard -I../omr32/gc/stats -I../omr32/gc/structs -I../omr32/gc/base/standard -I../omr32/gc/startup -c /home/zhanggan/LocalDevSpaces/som++/src/Main.cpp -o /home/zhanggan/LocalDevSpaces/som++/src/Main.o
Linking SOM++ loader
g++ -m32 -L/home/zhanggan/LocalDevSpaces/som++ \
	-o SOM++ /home/zhanggan/LocalDevSpaces/som++/src/Main.o SOM++.so -ldl  
